<?xml version="1.0" encoding="UTF-8"?>
<testsuites name="jest tests" tests="2" failures="0" time="6.23">
  <testsuite name="Index Page" errors="0" failures="0" skipped="0" timestamp="2022-05-21T18:50:28" time="4.788" tests="2">
    <testcase classname="Index Page renders correctly" name="Index Page renders correctly" time="0.022">
    </testcase>
    <testcase classname="Index Page renders hello world" name="Index Page renders hello world" time="0.008">
    </testcase>
  </testsuite>
</testsuites>